great-grandparent
parent's sibling
sibling
parent
parent
