parent
parent
grandparent
grandparent
grandparent
grandparent
parent
parent
