parent's sibling
great-grandparent
great-grandparent
grandparent
sibling
