cousin
parent's sibling
grandparent's sibling
grandparent
grandparent
