parent's sibling
sibling
grandparent
grandparent's sibling
grandparent's sibling
sibling
grandparent
