grandparent's sibling
parent
parent
grandparent
parent's sibling
parent's sibling
parent's sibling
