parent's sibling
parent's sibling
cousin
grandparent's sibling
