parent's sibling
cousin
parent's sibling
sibling
grandparent's sibling
